Microsoft Windows [Versión 10.0.19042.867]
(c) 2020 Microsoft Corporation. Todos los derechos reservados.

C:\Users\usuario\IdeaProjects\Cucumber_Selenium>git init
Initialized empty Git repository in C:/Users/usuario/IdeaProjects/Cucumber_Selenium/.git/

C:\Users\usuario\IdeaProjects\Cucumber_Selenium>git remote add origin https://github.com/fco
2319/Cucumber_Selenium.git

C:\Users\usuario\IdeaProjects\Cucumber_Selenium>git remote add origin https://github.com/fco
y2319/Cucumber_Selenium.git
error: remote origin already exists.

C:\Users\usuario\IdeaProjects\Cucumber_Selenium>git remote add alternativo https://github.co
m/fcoy2319/Cucumber_Selenium.git

C:\Users\usuario\IdeaProjects\Cucumber_Selenium>git remote -v
alternativo     https://github.com/fcoy2319/Cucumber_Selenium.git (fetch)
alternativo     https://github.com/fcoy2319/Cucumber_Selenium.git (push)
origin  https://github.com/fco2319/Cucumber_Selenium.git (fetch)
origin  https://github.com/fco2319/Cucumber_Selenium.git (push)

C:\Users\usuario\IdeaProjects\Cucumber_Selenium>git checkout -b feature/1240
Switched to a new branch 'feature/1240'

C:\Users\usuario\IdeaProjects\Cucumber_Selenium>git status
On branch feature/1240

No commits yet

Untracked files:
  (use "git add <file>..." to include in what will be committed)
        .idea/
        Test Results - Testrunner.html
        pom.xml
        src/
        target/

nothing added to commit but untracked files present (use "git add" to track)

C:\Users\usuario\IdeaProjects\Cucumber_Selenium>git add pom.xml

C:\Users\usuario\IdeaProjects\Cucumber_Selenium>git status
On branch feature/1240

No commits yet

Changes to be committed:
  (use "git rm --cached <file>..." to unstage)
        new file:   pom.xml

Untracked files:
  (use "git add <file>..." to include in what will be committed)
        .idea/
        Test Results - Testrunner.html
        src/
        target/


C:\Users\usuario\IdeaProjects\Cucumber_Selenium>git add .
warning: LF will be replaced by CRLF in .idea/inspectionProfiles/Project_Default.xml.
The file will have its original line endings in your working directory
warning: LF will be replaced by CRLF in Test Results - Testrunner.html.
The file will have its original line endings in your working directory

C:\Users\usuario\IdeaProjects\Cucumber_Selenium>git status
On branch feature/1240

No commits yet

Changes to be committed:
  (use "git rm --cached <file>..." to unstage)
        new file:   .idea/.gitignore
        new file:   .idea/compiler.xml
        new file:   .idea/dictionaries/usuario.xml
        new file:   .idea/inspectionProfiles/Project_Default.xml
        new file:   .idea/jarRepositories.xml
        new file:   .idea/misc.xml
        new file:   Test Results - Testrunner.html
        new file:   pom.xml
        new file:   src/test/java/features/test.feature
        new file:   src/test/java/pom/AutomationPage.java
        new file:   src/test/java/pom/BasePage.java
        new file:   src/test/java/pom/HomePage.java
        new file:   src/test/java/runner/Testrunner.java
        new file:   src/test/java/runner/browser_manager/ChromeDriverManager.java
        new file:   src/test/java/runner/browser_manager/DriverManager.java
        new file:   src/test/java/runner/browser_manager/DriverManagerFactory.java
        new file:   src/test/java/runner/browser_manager/DriverType.java
        new file:   src/test/java/runner/browser_manager/FirefoxDriverManager.java
        new file:   src/test/java/seleniumgluecode/Hooks.java
        new file:   src/test/java/seleniumgluecode/Test.java
        new file:   src/test/java/seleniumgluecode/TestBase.java
        new file:   src/test/resources/chromedriver/chromedriver.exe
        new file:   src/test/resources/geckodriver/geckodriver.exe
        new file:   target/test-classes/features/test.feature
        new file:   target/test-classes/pom/AutomationPage.class
        new file:   target/test-classes/pom/BasePage.class
        new file:   target/test-classes/pom/HomePage.class
        new file:   target/test-classes/runner/Testrunner.class
        new file:   target/test-classes/runner/browser_manager/ChromeDriverManager.class
        new file:   target/test-classes/runner/browser_manager/DriverManager.class
        new file:   target/test-classes/runner/browser_manager/DriverManagerFactory$1.class
        new file:   target/test-classes/runner/browser_manager/DriverManagerFactory.class
        new file:   target/test-classes/runner/browser_manager/DriverType.class
        new file:   target/test-classes/runner/browser_manager/FirefoxDriverManager.class
        new file:   target/test-classes/seleniumgluecode/Hooks.class
        new file:   target/test-classes/seleniumgluecode/Test.class
        new file:   target/test-classes/seleniumgluecode/TestBase.class


C:\Users\usuario\IdeaProjects\Cucumber_Selenium>git commit -m "se crea repositorio, más rama
 feature/1240, se agregan todos los componentes del proyecto para subir a git"
[feature/1240 (root-commit) 844bc4e] se crea repositorio, más rama feature/1240, se agregan
todos los componentes del proyecto para subir a git
 37 files changed, 1115 insertions(+)
 create mode 100644 .idea/.gitignore
 create mode 100644 .idea/compiler.xml
 create mode 100644 .idea/dictionaries/usuario.xml
 create mode 100644 .idea/inspectionProfiles/Project_Default.xml
 create mode 100644 .idea/jarRepositories.xml
 create mode 100644 .idea/misc.xml
 create mode 100644 Test Results - Testrunner.html
 create mode 100644 pom.xml
 create mode 100644 src/test/java/features/test.feature
 create mode 100644 src/test/java/pom/AutomationPage.java
 create mode 100644 src/test/java/pom/BasePage.java
 create mode 100644 src/test/java/pom/HomePage.java
 create mode 100644 src/test/java/runner/Testrunner.java
 create mode 100644 src/test/java/runner/browser_manager/ChromeDriverManager.java
 create mode 100644 src/test/java/runner/browser_manager/DriverManager.java
 create mode 100644 src/test/java/runner/browser_manager/DriverManagerFactory.java
 create mode 100644 src/test/java/runner/browser_manager/DriverType.java
 create mode 100644 src/test/java/runner/browser_manager/FirefoxDriverManager.java
 create mode 100644 src/test/java/seleniumgluecode/Hooks.java
 create mode 100644 src/test/java/seleniumgluecode/Test.java
 create mode 100644 src/test/java/seleniumgluecode/TestBase.java
 create mode 100644 src/test/resources/chromedriver/chromedriver.exe
 create mode 100644 src/test/resources/geckodriver/geckodriver.exe
 create mode 100644 target/test-classes/features/test.feature
 create mode 100644 target/test-classes/pom/AutomationPage.class
 create mode 100644 target/test-classes/pom/BasePage.class
 create mode 100644 target/test-classes/pom/HomePage.class
 create mode 100644 target/test-classes/runner/Testrunner.class
 create mode 100644 target/test-classes/runner/browser_manager/ChromeDriverManager.class
 create mode 100644 target/test-classes/runner/browser_manager/DriverManager.class
 create mode 100644 target/test-classes/runner/browser_manager/DriverManagerFactory$1.class
 create mode 100644 target/test-classes/runner/browser_manager/DriverManagerFactory.class
 create mode 100644 target/test-classes/runner/browser_manager/DriverType.class
 create mode 100644 target/test-classes/runner/browser_manager/FirefoxDriverManager.class
 create mode 100644 target/test-classes/seleniumgluecode/Hooks.class
 create mode 100644 target/test-classes/seleniumgluecode/Test.class
 create mode 100644 target/test-classes/seleniumgluecode/TestBase.class

C:\Users\usuario\IdeaProjects\Cucumber_Selenium>git pull alternativo master
fatal: couldn't find remote ref master

C:\Users\usuario\IdeaProjects\Cucumber_Selenium>git push alternativo feature/1240
fatal: El c├│digo de estado de la respuesta no indica un resultado correcto: 401 (Unauthoriz
ed).
Username for 'https://github.com': fcoy2319
Password for 'https://fcoy2319@github.com':
Enumerating objects: 58, done.
Counting objects: 100% (58/58), done.
Delta compression using up to 2 threads
Compressing objects: 100% (50/50), done.
Writing objects: 100% (58/58), 7.06 MiB | 1.20 MiB/s, done.
Total 58 (delta 2), reused 0 (delta 0), pack-reused 0
remote: Resolving deltas: 100% (2/2), done.
To https://github.com/fcoy2319/Cucumber_Selenium.git
 * [new branch]      feature/1240 -> feature/1240

C:\Users\usuario\IdeaProjects\Cucumber_Selenium>git branch
* feature/1240

C:\Users\usuario\IdeaProjects\Cucumber_Selenium>git checkout master
error: pathspec 'master' did not match any file(s) known to git

C:\Users\usuario\IdeaProjects\Cucumber_Selenium>git checkout -b master
Switched to a new branch 'master'

C:\Users\usuario\IdeaProjects\Cucumber_Selenium>git branch
  feature/1240
* master

C:\Users\usuario\IdeaProjects\Cucumber_Selenium>git push alternativo master
Total 0 (delta 0), reused 0 (delta 0), pack-reused 0
remote:
remote: Create a pull request for 'master' on GitHub by visiting:
remote:      https://github.com/fcoy2319/Cucumber_Selenium/pull/new/master
remote:
To https://github.com/fcoy2319/Cucumber_Selenium.git
 * [new branch]      master -> master

C:\Users\usuario\IdeaProjects\Cucumber_Selenium>git checkout gitbranch -d feature/1240
fatal: git checkout: --detach does not take a path argument 'gitbranch'

C:\Users\usuario\IdeaProjects\Cucumber_Selenium>git branch -D feature/1240
Deleted branch feature/1240 (was 844bc4e).

C:\Users\usuario\IdeaProjects\Cucumber_Selenium>git branch
* master

C:\Users\usuario\IdeaProjects\Cucumber_Selenium>git push alternativo -D feature/1240
error: unknown switch `D'
usage: git push [<options>] [<repository> [<refspec>...]]

    -v, --verbose         be more verbose
    -q, --quiet           be more quiet
    --repo <repository>   repository
    --all                 push all refs
    --mirror              mirror all refs
    -d, --delete          delete refs
    --tags                push tags (can't be used with --all or --mirror)
    -n, --dry-run         dry run
    --porcelain           machine-readable output
    -f, --force           force updates
    --force-with-lease[=<refname>:<expect>]
                          require old value of ref to be at this value
    --force-if-includes   require remote updates to be integrated locally
    --recurse-submodules (check|on-demand|no)
                          control recursive pushing of submodules
    --thin                use thin pack
    --receive-pack <receive-pack>
                          receive pack program
    --exec <receive-pack>
                          receive pack program
    -u, --set-upstream    set upstream for git pull/status
    --progress            force progress reporting
    --prune               prune locally removed refs
    --no-verify           bypass pre-push hook
    --follow-tags         push missing but relevant tags
    --signed[=(yes|no|if-asked)]
                          GPG sign the push
    --atomic              request atomic transaction on remote side
    -o, --push-option <server-specific>
                          option to transmit
    -4, --ipv4            use IPv4 addresses only
    -6, --ipv6            use IPv6 addresses only


C:\Users\usuario\IdeaProjects\Cucumber_Selenium>git push alternativo :feature/1240
To https://github.com/fcoy2319/Cucumber_Selenium.git
 - [deleted]         feature/1240

C:\Users\usuario\IdeaProjects\Cucumber_Selenium>
